---
source: lumina-compiler/src/mir/lower/pat/tests.rs
expression: "format!\n(\"{}\\n\\nmissing patterns {{\\n  {}\\n}}\", tree,\nmissing.into_iter().map(| p |\np.fmt(& name_of_var, & name_of_field).to_string()).format(\"\\n  \"))"
---
tuple(len = 4)
  u8 ..
      tuple(len = 3)
        u8 ..
            u8 ..
                u8 ..
                    u8 ..
                        {
                          table = [PointTable { binds: [(b0, 0), (b1, 1), (b2, 2), (b3, 3), (b4, 4), (b5, 5), (b6, 6), (b7, 7)] }],
                          excess = [(▵·0:sum0 u8)]
                          tail = 0
                        }

missing patterns {
  
}
