---
source: lumina-compiler/src/mir/lower/pat/tests.rs
expression: "format!\n(\"{}\\n\\nmissing patterns {{\\n  {}\\n}}\", tree,\nmissing.into_iter().map(| p |\np.fmt(& name_of_var, & name_of_field).to_string()).format(\"\\n  \"))"
---
list variant0
    u8 ..
        {
          table = [PointTable { binds: [(b10, 1), (b20, 2)] }],
          excess = [[u8]]
          tail = 0
        }
list variant1
    {
      table = [PointTable { binds: [] }],
      excess = []
      tail = 1
    }

missing patterns {
  
}
