---
source: lumina-parser/src/tests.rs
expression: "{ \"[1,2, 3]\"; format!(\"\\n{}\", ast) }"
---

[1, 2, 3]
