---
source: lumina-parser/src/tests.rs
expression: "{ \"(Just 20)\"; format!(\"\\n{}\", ast) }"
---

(1^Just 20)
