---
source: lumina-parser/src/tests.rs
expression: "{ \"(Just (Just (Pair 10 20)))\"; format!(\"\\n{}\", ast) }"
---

(Just (Just (Pair 10 20)))
