---
source: lumina-parser/src/tests.rs
expression: "{ \"fn(b)\"; format!(\"\\n{}\", ast) }"
---

fn(b)
