---
source: lumina-parser/src/tests.rs
expression: "{ \"use std:io [puts, Target [Stdout, Stdin, Stderr]]\"; format!(\"\\n{}\", ast) }"
---

use std:io() [puts [], Target [Stdout, Stdin, Stderr]]
