---
source: lumina-parser/src/tests.rs
expression: "{ \"(((x, y), (x, y), ()))\"; format! (\"\\n{}\", ast) }"
---
(((x, y), (x, y), ()))
