---
source: lumina-parser/src/tests.rs
expression: "{ \"a.b . c.d . e\"; format! (\"\\n{}\", ast) }"
---
a.b . c.d . e
