---
source: lumina-parser/src/tests.rs
expression: "{ \"{ v | one.two.three.four @ four = four }\"; format!(\"\\n{}\", ast) }"
---

{ v | one.two.three.four @ four = four }
