---
source: lumina-parser/src/tests.rs
expression: "{ \"map #inc\"; format! (\"\\n{}\", ast) }"
---
map #inc
