---
source: lumina-parser/src/tests.rs
expression: "{ \"1 >> ((\\\\ -> 0))\"; format! (\"\\n{}\", ast) }"
---
1 >> (((\ -> 0)))
