---
source: lumina-parser/src/tests.rs
expression: "{ \"fn(fnptr(a, b -> c), fn(d -> e) -> fn(f -> fn(g)))\"; format!(\"\\n{}\", ast) }"
---

fn(fnptr(a, b -> c), fn(d -> e) -> fn(f -> fn(g)))
