---
source: lumina-parser/src/tests.rs
expression: "{ \"Con int\"; format!(\"\\n{}\", ast) }"
---

(Con int)
