---
source: lumina-parser/src/tests.rs
expression: "{ \"1 . add 2 . (\\\\n -> add n . 3)\"; format! (\"\\n{}\", ast) }"
---
1 . add 2 . ((\n -> add n . 3))
