---
source: lumina-parser/src/tests.rs
expression: "{ \"bool\"; format!(\"\\n{}\", ast) }"
---

bool
