---
source: lumina-parser/src/tests.rs
expression: "{ \"map #(add 1)\"; format! (\"\\n{}\", ast) }"
---
map #(add 1)
