---
source: lumina-parser/src/tests.rs
expression: "{ \"map #(\\\\n -> n)\"; format!(\"\\n{}\", ast) }"
---

(map #(\n -> n))
