---
source: lumina-parser/src/tests.rs
expression: "{ \"alias IoResult = Result int IoError\"; format! (\"\\n{}\", ast) }"
---
alias IoResult = (Result int IoError)
